{
  "endpoint": "llama-33-70b",
  "hostname": "llama-33-70b.tee.swarm.cloud",
  "port": 443,
  "checkedAt": "2026-08-30T11:59:30Z",
  "verified": true,
  "admitted": true,
  "root": "swarm-cloud-prod",
  "kind": "DeploymentEvidence",
  "issuedAt": "2026-08-30T11:56:00Z",
  "pinned": true,
  "images": [
    "ghcr.io/super-protocol/sidecar@sha256:bbbb",
    "ghcr.io/super-protocol/vllm@sha256:aaaa"
  ],
  "quoteFormat": "intel-tdx-quote-v5",
  "policies": [
    {
      "package": "gatekeeper.default",
      "allow": true
    }
  ],
  "evidenceDigest": "sha256:4b04a5f2792a2ec3479fdaec5bb0df7a4f6619378378f9bc32c1cf43767ee3dd",
  "evidenceDigestCanonical": "sha256/SwSl8nkqLsNHn9rsW7Dfek9mGTeDePm8MsHPQ3Z-490",
  "certFingerprint": "sha256:e1f4b167372769ded0cbfdb9ea9e07970ef39be8c74c48608cddf56d117e762d",
  "certFingerprintCanonical": "sha256/4fSxZzcnad7Qy_256p4Hlw7zm-jHTEhgjN31bRF-di0",
  "observedTlsFingerprint": "sha256:e1f4b167372769ded0cbfdb9ea9e07970ef39be8c74c48608cddf56d117e762d",
  "observedTlsFingerprintCanonical": "sha256/4fSxZzcnad7Qy_256p4Hlw7zm-jHTEhgjN31bRF-di0",
  "rootFingerprint": "sha256:e2b0c3aa4e1069758b2ab5a2d4626dd72a99685a199901b153a1dcbc700674a4",
  "rootFingerprintCanonical": "sha256/4rDDqk4QaXWLKrWi1GJt1yqZaFoZmQGxU6HcvHAGdKQ",
  "chain": [
    {
      "subject": "CN=llama-33-70b.tee.swarm.cloud",
      "issuer": "",
      "notBefore": "0001-01-01T00:00:00Z",
      "notAfter": "2026-10-29T12:00:00Z",
      "root": false,
      "fingerprint": "sha256:e1f4b167372769ded0cbfdb9ea9e07970ef39be8c74c48608cddf56d117e762d",
      "fingerprintCanonical": "sha256/4fSxZzcnad7Qy_256p4Hlw7zm-jHTEhgjN31bRF-di0"
    },
    {
      "subject": "CN=swarm-cloud-prod-root",
      "issuer": "",
      "notBefore": "0001-01-01T00:00:00Z",
      "notAfter": "2037-08-12T12:00:00Z",
      "root": true,
      "fingerprint": "sha256:e2b0c3aa4e1069758b2ab5a2d4626dd72a99685a199901b153a1dcbc700674a4",
      "fingerprintCanonical": "sha256/4rDDqk4QaXWLKrWi1GJt1yqZaFoZmQGxU6HcvHAGdKQ"
    }
  ]
}
